QA output created by 615
Testing buffered writes
Testing direct IO writes
