QA output created by 290
inl
pread: Input/output error
pread: Input/output error
prealloc
pread: Input/output error
pread: Input/output error
reg
pread: Input/output error
pread: Input/output error
punch
pread: Input/output error
pread: Input/output error
plug
pread: Input/output error
pread: Input/output error
desc
SCRATCH_MNT/desc: Invalid argument
SCRATCH_MNT/desc: Invalid argument
roothash
pread: Input/output error
pread: Input/output error
merkle
pread: Input/output error
pread: Input/output error
